[mint-metacard.art/index.html]
[mint-metacard.art/assets/css/xmain.css]
[backblue.gif]
[fade.gif]
[index.html]
[mint-metacard.art/favicon.ico]
[mint-metacard.art/_next/static/css/4a36223833c72b3c.css]
[mint-metacard.art/assets/css/clear.css]
[mint-metacard.art/assets/css/style321.css]
[mint-metacard.art/index-2.html]
[mint-metacard.art/gif.gif]
[mint-metacard.art/assets/icons/discord.svg]
[mint-metacard.art/assets/icons/instagram.svg]
[mint-metacard.art/assets/icons/twitter.svg]
[static.alchemyapi.io/images/marketing/badge.svg]
[cdnjs.cloudflare.com/ajax/libs/web3/1.5.2/web3.min.js]
[mint-metacard.art/script.js]
[mint-metacard.art/index.html]
[mint-metacard.art/assets/js/xo1298.chank.js]
[images.prismic.io/ivy-site/9304f381-6b92-4583-b1f8-d2a64b21f11d_109436.png]
[images.prismic.io/ivy-site/a7894f8c-2b4b-4456-8639-2e372fcbec5e_259436.png]
[images.prismic.io/ivy-site/3d8d9631-f571-406d-b2f5-ad22cabc9c33_509436.png]
[images.prismic.io/ivy-site/16515fc7-e530-4456-b61e-e1b1b1a490fa_759436.png]
[images.prismic.io/ivy-site/b450d286-c7f6-485b-b871-d2535a2ea4b5_1009436.png]
[mint-metacard.art/assets/css/xmain.css]
[mint-metacard.art/fonts/MBF-Moonlander/MBF-Moonlander.ttf]
[mint-metacard.art/fonts/MBF-Modifi/MBF-Modifi.ttf]
[mint-metacard.art/assets/top1.png]
[mint-metacard.art/assets/top2.png]
[mint-metacard.art/assets/top4.png]
[mint-metacard.art/_next/static/css/4a36223833c72b3c.css]
[global-uploads.webflow.com/615cc4db192f5e50c7edc47d/615cc4db192f5eb28dedc51f_new-twinkle.gif]
[mint-metacard.art/assets/css/clear.css]
[mint-metacard.art/assets/css/style321.css]
[mint-metacard.art/index-2.html]
[mint-metacard.art/events.html]
[mint-metacard.art/assets/icons/discord.svg]
[mint-metacard.art/assets/icons/instagram.svg]
[mint-metacard.art/assets/icons/twitter.svg]
[mint-metacard.art/assets/plus.svg]
[static.alchemyapi.io/images/marketing/badge.svg]
[mint-metacard.art/assets/media/HeroImage.7d0112b0.html]
